!*** Modeling Amalgamation Project map *****************************************

!*** Amalgam features *******************************************************************
feature@org.eclipse.amalgam.dsltk=HEAD,:pserver:anonymous@dev.eclipse.org:/cvsroot/modeling,,org.eclipse.amalgam/features/org.eclipse.amalgam.dsltk-feature

!*** Amalgam plug-ins *******************************************************************
plugin@org.eclipse.amalgam.common.ui=HEAD,:pserver:anonymous@dev.eclipse.org:/cvsroot/modeling,,org.eclipse.amalgam/plugins/org.eclipse.amalgam.common.ui
plugin@org.eclipse.amalgam.dsltk=HEAD,:pserver:anonymous@dev.eclipse.org:/cvsroot/modeling,,org.eclipse.amalgam/plugins/org.eclipse.amalgam.dsltk
plugin@org.eclipse.amalgam.dsltk.ui=HEAD,:pserver:anonymous@dev.eclipse.org:/cvsroot/modeling,,org.eclipse.amalgam/plugins/org.eclipse.amalgam.dsltk.ui
plugin@org.eclipse.amalgam.dsltk.doc=HEAD,:pserver:anonymous@dev.eclipse.org:/cvsroot/modeling,,org.eclipse.amalgam/docs/org.eclipse.amalgam.dsltk.doc
