!*** Modeling Amalgamation Project map *****************************************

!*** Amalgam features *******************************************************************
feature@org.eclipse.amalgam.dsltk=v20081115-1515,:pserver:anonymous@dev.eclipse.org:/cvsroot/modeling,,org.eclipse.amalgam/features/org.eclipse.amalgam.dsltk-feature
feature@org.eclipse.amalgam.examples.dsltk=v20081115-1515,:pserver:anonymous@dev.eclipse.org:/cvsroot/modeling,,org.eclipse.amalgam/features/org.eclipse.amalgam.examples.dsltk-feature
feature@org.eclipse.amalgam.modeler=v20081115-1515,:pserver:anonymous@dev.eclipse.org:/cvsroot/modeling,,org.eclipse.amalgam/features/org.eclipse.amalgam.modeler-feature
feature@org.eclipse.amalgam.examples.modeler=v20081115-1515,:pserver:anonymous@dev.eclipse.org:/cvsroot/modeling,,org.eclipse.amalgam/features/org.eclipse.amalgam.examples.modeler-feature
feature@org.eclipse.amalgam.builder=v20081115-1515,:pserver:anonymous@dev.eclipse.org:/cvsroot/modeling,,org.eclipse.amalgam/features/org.eclipse.amalgam.builder-feature

!*** Amalgam plug-ins *******************************************************************
plugin@org.eclipse.amalgam.common.ui=v20081115-1515,:pserver:anonymous@dev.eclipse.org:/cvsroot/modeling,,org.eclipse.amalgam/plugins/org.eclipse.amalgam.common.ui
plugin@org.eclipse.amalgam.dsltk=v20081115-1515,:pserver:anonymous@dev.eclipse.org:/cvsroot/modeling,,org.eclipse.amalgam/plugins/org.eclipse.amalgam.dsltk
plugin@org.eclipse.amalgam.dsltk.ui=v20081115-1515,:pserver:anonymous@dev.eclipse.org:/cvsroot/modeling,,org.eclipse.amalgam/plugins/org.eclipse.amalgam.dsltk.ui
plugin@org.eclipse.amalgam.dsltk.doc=v20081115-1515,:pserver:anonymous@dev.eclipse.org:/cvsroot/modeling,,org.eclipse.amalgam/docs/org.eclipse.amalgam.dsltk.doc
plugin@org.eclipse.amalgam.modeler=v20081115-1515,:pserver:anonymous@dev.eclipse.org:/cvsroot/modeling,,org.eclipse.amalgam/plugins/org.eclipse.amalgam.modeler
plugin@org.eclipse.amalgam.modeler.ui=v20081115-1515,:pserver:anonymous@dev.eclipse.org:/cvsroot/modeling,,org.eclipse.amalgam/plugins/org.eclipse.amalgam.modeler.ui
plugin@org.eclipse.amalgam.modeler.doc=v20081115-1515,:pserver:anonymous@dev.eclipse.org:/cvsroot/modeling,,org.eclipse.amalgam/docs/org.eclipse.amalgam.modeler.doc

!*** Amalgam examples *******************************************************************
plugin@org.eclipse.amalgam.examples.dsl.mindmap=v20081115-1515,:pserver:anonymous@dev.eclipse.org:/cvsroot/modeling,,org.eclipse.amalgam/examples/org.eclipse.amalgam.examples.dsl.mindmap
plugin@org.eclipse.amalgam.examples.dsl.requirements=v20081115-1515,:pserver:anonymous@dev.eclipse.org:/cvsroot/modeling,,org.eclipse.amalgam/examples/org.eclipse.amalgam.examples.dsl.requirements
plugin@org.eclipse.amalgam.examples.dsl.oocore=v20081115-1515,:pserver:anonymous@dev.eclipse.org:/cvsroot/modeling,,org.eclipse.amalgam/examples/org.eclipse.amalgam.examples.dsl.oocore
plugin@org.eclipse.amalgam.examples.dsl.dnc=v20081115-1515,:pserver:anonymous@dev.eclipse.org:/cvsroot/modeling,,org.eclipse.amalgam/examples/org.eclipse.amalgam.examples.dsl.dnc
plugin@org.eclipse.amalgam.examples.dsl.scenario=v20081115-1515,:pserver:anonymous@dev.eclipse.org:/cvsroot/modeling,,org.eclipse.amalgam/examples/org.eclipse.amalgam.examples.dsl.scenario
plugin@org.eclipse.amalgam.examples.dsl.bpmn=v20081115-1515,:pserver:anonymous@dev.eclipse.org:/cvsroot/modeling,,org.eclipse.amalgam/examples/org.eclipse.amalgam.examples.dsl.bpmn
plugin@org.eclipse.amalgam.examples.dsltk=v20081115-1515,:pserver:anonymous@dev.eclipse.org:/cvsroot/modeling,,org.eclipse.amalgam/examples/org.eclipse.amalgam.examples.dsltk
plugin@org.eclipse.amalgam.examples.modeler=v20081115-1515,:pserver:anonymous@dev.eclipse.org:/cvsroot/modeling,,org.eclipse.amalgam/examples/org.eclipse.amalgam.examples.modeler

!*** Amalgam builder *******************************************************************
plugin@org.eclipse.amalgam.builder=v20081115-1515,:pserver:anonymous@dev.eclipse.org:/cvsroot/modeling,,org.eclipse.amalgam/releng/org.eclipse.amalgam.builder
plugin@org.eclipse.amalgam.releng.builder=v20081115-1515,:pserver:anonymous@dev.eclipse.org:/cvsroot/modeling,,org.eclipse.amalgam/releng/org.eclipse.amalgam.releng.builder
plugin@org.eclipse.amalgam.releng.build.model=v20081115-1515,:pserver:anonymous@dev.eclipse.org:/cvsroot/modeling,,org.eclipse.amalgam/releng/org.eclipse.amalgam.releng.build.model
plugin@org.eclipse.amalgam.releng.build.model.edit=v20081115-1515,:pserver:anonymous@dev.eclipse.org:/cvsroot/modeling,,org.eclipse.amalgam/releng/org.eclipse.amalgam.releng.build.model.edit
plugin@org.eclipse.amalgam.releng.build.model.editor=v20081115-1515,:pserver:anonymous@dev.eclipse.org:/cvsroot/modeling,,org.eclipse.amalgam/releng/org.eclipse.amalgam.releng.build.model.editor
plugin@org.eclipse.amalgam.releng.product.model=v20081115-1515,:pserver:anonymous@dev.eclipse.org:/cvsroot/modeling,,org.eclipse.amalgam/releng/org.eclipse.amalgam.releng.product.model
plugin@org.eclipse.amalgam.releng.product.model.edit=v20081115-1515,:pserver:anonymous@dev.eclipse.org:/cvsroot/modeling,,org.eclipse.amalgam/releng/org.eclipse.amalgam.releng.product.model.edit
plugin@org.eclipse.amalgam.releng.product.model.editor=v20081115-1515,:pserver:anonymous@dev.eclipse.org:/cvsroot/modeling,,org.eclipse.amalgam/releng/org.eclipse.amalgam.releng.product.model.editor

!*** Test Galileo build *****************************************************************
feature@org.eclipse.galileo=v20081115-1515,:pserver:anonymous@dev.eclipse.org:/cvsroot/modeling,,org.eclipse.amalgam/features/org.eclipse.galileo-feature
plugin@org.eclipse.galileo=v20081115-1515,:pserver:anonymous@dev.eclipse.org:/cvsroot/modeling,,org.eclipse.amalgam/plugins/org.eclipse.galileo